28
csv_old.arc,『カスタムオーダーメイド3D2』互換アップデートパッチ（純真 ツンデレ クーデレ）
csv_vp001.arc,『カスタムオーダーメイド3D2』専用プラグイン『カスタムオーダーメイド3D2　ビジュアルパック』
parts_shop014.arc,『カスタムオーダーメイド3D2』専用プラグイン 『ファビュラスマダム』
parts_shop018.arc,『カスタムオーダーメイド3D2』専用プラグイン 『カウガールセット』
parts_shop020.arc,『カスタムオーダーメイド3D2』専用プラグイン 『めろんちゃんセット』
parts_shop019.arc,『カスタムオーダーメイド3D2』専用プラグイン 『ハイレグ騎士セット』
parts_shop017.arc,『カスタムオーダーメイド3D2』専用プラグイン 『ファンシーエンジェルセット』
parts_shop016.arc,『カスタムオーダーメイド3D2』専用プラグイン 『ずきんむすめセット』
parts_shop011.arc,『カスタムオーダーメイド3D2』専用プラグイン 『フラウメイド服』
parts_shop021.arc,『カスタムオーダーメイド3D2』専用プラグイン 『セクシーテールドレスセット』
parts_shop022.arc,[Custom Order Maid 3D2 designated plug-in 'Nutaku-tan set']
csv_soukiyoyaku.arc,『カスタムオーダーメイド3D2』専用プラグイン 『COM3D2-早期予約ファンシーペーパー』
parts_nijiyomec.arc,『カスタムオーダーメイド3D2』専用プラグイン 『にじよめちゃんセット』
csv_3d21reserve.arc,『カスタムオーダーメイド3D2』専用プラグイン 『グレードアップ予約キャンペーン Vol.1』
csv_3d21reserve2.arc,『カスタムオーダーメイド3D2』専用プラグイン 『グレードアップ予約キャンペーン Vol.2』
voice_ordermade001.arc,『移籍パックvol.1』 『病的な程一途な大和撫子』
voice_ordermade002.arc,『移籍パックvol.2』 『母性的なお姉ちゃん』
voice_ordermade003.arc,『移籍パックvol.3』 『Ｍ心を刺激する、ドＳ女王様』
voice_ordermade004.arc,『移籍パックvol.4』 『健康的でスポーティなボクっ娘』
voice_ordermade001_solo.arc,『キャラクター追加パックvol.1』 『病的な程一途な大和撫子』
voice_ordermade002_solo.arc,『キャラクター追加パックvol.2』 『母性的なお姉ちゃん』
voice_ordermade003_solo.arc,『キャラクター追加パックvol.3』 『Ｍ心を刺激する、ドＳ女王様』
voice_ordermade004_solo.arc,『キャラクター追加パックvol.4』 『健康的でスポーティなボクっ娘』
voice_personal_om001.arc,『キャラクターパックvol.1』 『無口で甘えたがりな文学少女』
voice_personal_om002.arc,『キャラクターパックvol.2』 『天然サディスティックな小悪魔』
voice_personal_om003.arc,『キャラクターパックvol.3』 『色気のあるおしとやかなお姉さん』
voice_personal_om004.arc,『キャラクターパックvol.4』 『大人の余裕を持つ、頼れるメイド秘書』
voice_personal_om005.arc,『キャラクターパックvol.5』 『小動物系ふわふわ妹』
voice_personal_om006.arc,『キャラクターパックvol.6』 『警戒心の強い無愛想』
voice_personal_om007.arc,『キャラクターパックvol.7』 『高飛車で生意気なお嬢様』
voice_personal_om008.arc,『キャラクターパックvol.8』 『甘々デレデレでご主人様を信仰している妹系幼馴染』
voice_personal_om001plus.arc,『キャラクター追加パックvol.1』 『無口で甘えたがりな文学少女』
voice_personal_om002plus.arc,『キャラクター追加パックvol.2』 『天然サディスティックな小悪魔』
voice_personal_om003plus.arc,『キャラクター追加パックvol.3』 『色気のあるおしとやかなお姉さん』
voice_personal_om004plus.arc,『キャラクター追加パックvol.4』 『大人の余裕を持つ、頼れるメイド秘書』
voice_personal_om005plus.arc,『キャラクター追加パックvol.5』 『小動物系ふわふわ妹』
voice_personal_om006plus.arc,『キャラクター追加パックvol.6』 『警戒心の強い無愛想』
voice_personal_om007plus.arc,『キャラクター追加パックvol.7』 『高飛車で生意気なお嬢様』
voice_exm001.arc,『カスタムオーダーメイド3D2』専用プラグイン 『エキストラメイド12名追加パック』
voice_gp001.arc,[COM3D2 Append] [GP01]
voice_gp001fb.arc,[COM3D2 Append] [GP01] Feedback
voice_personal_om003_gp001.arc,『カスタムオーダーメイド3D2 GP-01対応パック+髪型追加フルパック feat.おしとやか』
parts_oldplus007hair1.arc,[COM3D2 Append] [GP01] [Anesan hair]
voice_gp002.arc,『カスタムオーダーメイド3D2』専用プラグイン 『GP02』
voice_gp002p1.arc,『カスタムオーダーメイド3D2』専用プラグイン 『GP02』 『第1弾』
voice_gp002p2.arc,『カスタムオーダーメイド3D2』専用プラグイン 『GP02』 『第2弾』
voice_gp002p3.arc,『カスタムオーダーメイド3D2』専用プラグイン 『GP02』 『第3弾』
voice_gp002p4.arc,『カスタムオーダーメイド3D2』専用プラグイン 『GP02』 『第4弾』
voice_gp002p5.arc,『カスタムオーダーメイド3D2』専用プラグイン 『GP02』 『第5弾』
csv_dance_smt.arc,『カスタムオーダーメイド3D2』専用プラグイン 『stellar my tears』
csv_dance_hhs.arc,『カスタムオーダーメイド3D2』専用プラグイン 『happy!happy!スキャンダル!!』
csv_dance_reg.arc,『カスタムオーダーメイド3D2』専用プラグイン 『レグルスの涙　ダンス』
csv_dance_sse.arc,『カスタムオーダーメイド3D2』専用プラグイン 『sweet sweet everyday』
csv_canknowtwoclose.arc,『カスタムオーダーメイド3D2』専用プラグイン 『かのつく２ Can Know Two Close ダンス』
csv_candygirl.arc,『カスタムオーダーメイド3D2』専用プラグイン 『candy girl ダンス』
csv_nekoparataiyo.arc,『カスタムオーダーメイド3D2』専用プラグイン 『ネコぱらコラボ タイヨウパラダイス』
csv_senkyo001.arc,『カスタムオーダーメイド3D2』専用プラグイン 『キャラクター総選挙第一位記念ダンス 『1st only you』』
csv_nmfeng.arc,『カスタムオーダーメイド3D2』専用プラグイン 『海外版配信記念ダンス 『Night Magic Fire (English ver.)』』
parts_dlc209.arc,[Collab.27] 『PIXEL MINT ぱらしゃん キャラなりきりセット』
parts_dlc211.arc,[Collab.28] 『ensemble 恋花 キャラなりきりセット』
parts_dlc214.arc,[Collab.29] 『アリスソフト ランス10 キャラなりきりセット』
parts_dlc218.arc,[Collab.30] 『ANIM 僕に抱かれ喘ぐ妻は、他の男に抱かれた話を紡ぐ スワッピングコラボセット』
parts_dlc220.arc,[Collab.31] 『ゆずソフト RIDDLE JOKER キャラなりきりセット』
parts_dlc225.arc,[Collab.32] 『F＆Cコラボ 水月 キャラなりきりセット』
parts_dlc227.arc,[Collab.33] 『あるみそふと わんこの嫁入り キャラなりきりセット』
parts_dlc230.arc,[Collab.34] 『まどそふと ラズキュー フルセット』
bg_dlc234.arc,[Collab.34] 『まどそふと ラズキュー コーヒー 』
parts_dlc235.arc,[Collab.35] 『みにくいモジカの子 キャラなりきりセット』
parts_dlc240.arc,[Collab.36] 『Laplacian 未来ラジオと人工鳩 キャラなりきりセット』
parts_dlc245.arc,[Collab.37] 『金色ラブリッチェGT キャラなりきりセット』
parts_dlc248.arc,[Collab.38] 『絆きらめく恋いろは キャラなりきりセット』
parts_dlc252.arc,[Collab.39] 『イブニクル2 キャラなりきりセット』
parts_dlc256.arc,[Collab.40] 『Clochette コロラム 水着+制服フルセット』
parts_dlc267ns.arc,[Collab.41] 『Clochette コロラム！ 私服フルセット（水着+制服フルセット購入者向け）』
parts_dlc274.arc,[Collab.42] 『あるみそふと わんこの嫁入り～新たな二本のしっぽ～ 衣装セット』
parts_dlc277.arc,[Collab.43] 『AUGUST×DMM GAMES あいミス！R キャラなりきりセット』
parts_dlc279.arc,[Collab.43] 『あいりすミスティリア！RクリスSR聖装なりきりセット』
bg_dlc280.arc,[Collab.43] 『AUGUST×DMM GAMES あいミス！R キャラなりきりセット』
parts_dlc287.arc,[Collab.44] 『NEKO WORKs ネコぱら コスチュームフルセット』
parts_dlc300.arc,『Kunoichi Set』
parts_dlc301.arc,[Collab.45] 『戯画 アイキス コスチュームフルセット』
csv_dlc305.arc,[Collab.46] 『戯画 アイキス 恋しちゃったみたい -早期限定版-』
csv_dlc306.arc,[Collab.47] 『SSIジャパン ラブバイブ アダルトショップ＆夜伽スキルセット』
parts_dlc307.arc,[Collab.48] 『第2弾 AUGUST×DMM GAMES あいミス キャラなりきりセット』
parts_dlc309.arc,[Collab.48] 『あいりすミスティリア！R コトSR聖装なりきりセット』
parts_dlc311.arc,『カスタムオーダーメイド3D2 コスチュームセット Vol.2』
parts_dlc314.arc,『カスタムオーダーメイド3D2 コスチュームセット Vol.4』
parts_dlc318.arc,[Collab.49] 『最高に都合のいいパイズリ上手のマリーさん マリーさんなりきりセット』
parts_dlc320.arc,『カスタムオーダーメイド3D2 コスチュームセット Vol.5』
parts_dlc323.arc,『カスタムオーダーメイド3D2 コスチュームセット Vol.7』
parts_dlc326.arc,[Collab.50] 『ぱじゃまエクスタシー ぼくと先生の乳淫せいかつ イメクラHセット』
bg_lovehotel.arc,[Collab.50] 『ぱじゃまエクスタシー ぼくと先生の乳淫せいかつ イメクラHセット』
parts_dlc327.arc,『カスタムオーダーメイド3D2 コスチュームセット Vol.8』
parts_dlc333.arc,,『カスタムオーダーメイド3D2 コスチュームセット Vol.9』
parts_ggcc.arc,『ゴーゴーカレーコラボセット』
parts_bcc.arc,『ビットキャッシュコラボキャンペーンアイテム』
parts_bcc3.arc,『ビットキャッシュコラボアイテム』
parts_maidcafec.arc,『メイリッシュメイド服』
parts_maidcafec2.arc,『メイリッシュメイド服 錫＋メイドキャップwithクマ親分』
parts_maidcafec3.arc,『メイリッシュコラボ2』
parts_vac001.arc,『VACコラボ 2月号』
parts_vac002.arc,『VACコラボ 4月号』
parts_tech003.arc,『さくら、もゆ。 クロなりきりセット』
parts_tech004.arc,『まどそふとコラボ ラズベリーキューブ 瑠莉制服セット』
parts_bugbug002.arc,『BugBugランジェリーセット』
csv_bugbug003.arc,『夜伽クラス 『バグバグオーダーメイド』』
bg_cd001.arc,『ミュージックドレスセット&ボーカルコレクション』
bg_cd002.arc,『グルーブドレスセット＋ボーカルコレクション２』
parts_cd003.arc,『サウンドキャットドレス』
motion_magazine003.arc,『オフィシャルファンブック3』
csv_omytgc001.arc,『夜伽クラス Vol.19 『変態辱めセックスメイド&ソープご奉仕セックスメイド』』
csv_omytgc002.arc,『夜伽クラス Vol.20 『アブノーマル卑猥セックスメイド&癒しラブラブ奉仕メイド』』
csv_omytgc003.arc,『夜伽クラス Vol.21 『らぶらぶメイド&欲情メイド』』
csv_omytgc004.arc,『夜伽クラス Vol.22 『拘束変態責めメイド&ハードセックスメイド』』
csv_omytgc005.arc,『夜伽クラス Vol.23 『服従セックスメイド&ハードスワップセックスメイド』』
csv_omytgc006.arc,『夜伽クラス Vol.24 『マスタープレイメイド&変態恥辱セックスメイド』』
csv_omytgc007.arc,『夜伽クラス Vol.25 『甘やかしマザーメイド&ご奉仕マザーメイド』
csv_omytgc008.arc,『夜伽クラス Vol.26 『マニアックプレイメイド&ハード拘束プレイメイド』』
csv_omytgc009.arc,『夜伽クラス Vol.27 『ソフトSMメイド』
csv_omytgc010.arc,『夜伽クラス Vol.28 『調教プレイメイド』
csv_omytgc011.arc,『夜伽クラス Vol.29 『ハードSMプレイメイド』
csv_omytgc012.arc,『夜伽クラス Vol.30 『乱交プレイメイド』
csv_omytgc013.arc,『夜伽クラス Vol.31 『ラブ奉仕メイド』
csv_omytgc014.arc,『夜伽クラス Vol.32 『マニアッククイーンメイド』
csv_omytgc015.arc,『夜伽クラス Vol.33 『逆転変態プレイメイド』
csv_omytgc001_old.arc,『夜伽クラス Vol.19 『変態辱めセックスメイド&ソープご奉仕セックスメイド』』Ver.オールイン
csv_omytgc002_old.arc,『夜伽クラス Vol.20 『アブノーマル卑猥セックスメイド&癒しラブラブ奉仕メイド』』Ver.オールイン
csv_omytgc003_old.arc,『夜伽クラス Vol.21 『らぶらぶメイド&欲情メイド』』Ver.オールイン
csv_omytgc004_old.arc,『夜伽クラス Vol.22 『拘束変態責めメイド&ハードセックスメイド』』Ver.オールイン
csv_omytgc005_old.arc,『夜伽クラス Vol.23 『服従セックスメイド&ハードスワップセックスメイド』』Ver.オールイン
csv_omytgc006_old.arc,『夜伽クラス Vol.24 『マスタープレイメイド&変態恥辱セックスメイド』』Ver.オールイン
csv_omytgc007_old.arc,『夜伽クラス Vol.25 『甘やかしマザーメイド&ご奉仕マザーメイド』Ver.オールイン
csv_omytgc008_old.arc,『夜伽クラス Vol.26 『マニアックプレイメイド&ハード拘束プレイメイド』』Ver.オールイン
csv_omytgc009_add.arc,『夜伽クラス Vol.27 『ソフトSMメイド』Ver.おしとやか、メイド秘書、クーデレ対応版』
csv_omytgc010_add.arc,『夜伽クラス Vol.28 『調教プレイメイド』Ver.小悪魔、無愛想、ドS対応版』
csv_omytgc011_add.arc,『夜伽クラス Vol.29 『ハードSMプレイメイド』Ver.ツンデレ、純真、ヤンデレ、お姉ちゃん、お嬢様対応版』
csv_omytgc012_add.arc,『夜伽クラス Vol.30 『乱交プレイメイド』Ver.おしとやか、メイド秘書、クーデレ、幼馴染対応版』
csv_omytgc013_add.arc,『夜伽クラス Vol.31 『ラブ奉仕メイド』Ver.小悪魔、無愛想、ドＳ対応版』
csv_omytgc014_add.arc,『夜伽クラス Vol.32 『マニアッククイーンメイド』Ver.お嬢様、ツンデレ、ヤンデレ、お姉ちゃん』
csv_omytgc015_add.arc,『夜伽クラス Vol.33 『逆転変態プレイメイド』Ver.文学少女、妹、純真、ボクっ娘』
csv_karaoke001.arc,『カラオケパックVR VOL.1』
csv_karaoke002.arc,『カラオケパックVR VOL.2』
csv_karaoke003.arc,『カスタムオーダーメイド3D2カラオケパックVR VOL.1』
csv_karaoke004.arc,『カスタムオーダーメイド3D2カラオケパックVR VOL.2』
csv_karaoke005.arc,『カスタムオーダーメイド3D2カラオケパックVR VOL.3』
csv_karaoke006.arc,『カスタムオーダーメイド3D2カラオケパックVR VOL.4』
csv_charaevent001.arc,『イベント追加パックvol.1 キャラクターHイベントプラス』
csv_charaevent002.arc,『イベント追加パックvol.2 キャラクターHイベントプラス』
csv_charaevent003.arc,『イベント追加パックvol.3 キャラクターHイベントプラス』
csv_charaevent004.arc,『イベント追加パックvol.4 キャラクターHイベントプラス』
csv_charaevent005.arc,『イベント追加パックvol.5 キャラクターHイベントプラス』
csv_charaevent006.arc,『イベント追加パックvol.6 キャラクターHイベントプラス』
csv_charaevent007.arc,『イベント追加パックvol.7 キャラクターHイベントプラス』
csv_charaevent008.arc,『イベント追加パックvol.8 キャラクターHイベントプラス』
csv_charaevent009.arc,『イベント追加パックvol.9 キャラクターHイベントプラス』
csv_charaevent010.arc,『イベント追加パックvol.10 キャラクターHイベントプラス』
csv_charaevent011.arc,『イベント追加パックvol.11 キャラクターHイベントプラス』
csv_charaevent012.arc,『イベント追加パックvol.12 キャラクターHイベントプラス』
csv_charaevent013.arc,『イベント追加パックvol.13 キャラクターHイベントプラス』
csv_charaevent014.arc,『イベント追加パックvol.14 キャラクターHイベントプラス』
csv_charaevent015.arc,『イベント追加パックvol.15 キャラクターHイベントプラス』
csv_charaevent002ntr.arc,『イベント追加パックvol.2 キャラクターHイベントプラス NTR』
csv_charaevent003ntr.arc,『イベント追加パックvol.3 キャラクターHイベントプラス NTR』
csv_charaevent004ntr.arc,『イベント追加パックvol.4 キャラクターHイベントプラス NTR』
csv_charaevent005ntr.arc,『イベント追加パックvol.5 キャラクターHイベントプラス NTR』
csv_charaevent006ntr.arc,『イベント追加パックvol.6 キャラクターHイベントプラス NTR』
csv_charaevent007ntr.arc,『イベント追加パックvol.7 キャラクターHイベントプラス NTR』
csv_charaevent008ntr.arc,『イベント追加パックvol.8 キャラクターHイベントプラス NTR』
csv_charaevent009ntr.arc,『イベント追加パックvol.9 キャラクターHイベントプラス NTR』
csv_charaevent012add.arc,『イベント追加パックvol.12 キャラクターHイベントプラス Ver.文学少女、妹、ボクっ娘対応版』
csv_charaevent013add.arc,『イベント追加パックvol.13 キャラクターHイベントプラス Ver.小悪魔、無愛想、クーデレ対応版』
csv_charaevent014add.arc,『イベント追加パックvol.14 キャラクターHイベントプラス Ver.メイド秘書、お嬢様、純真対応版』
csv_charaevent015add.arc,『イベント追加パックvol.15 キャラクターHイベントプラス Ver.お姉ちゃん、ドS、おしとやか対応版』
csv_oldplus001.arc,『警戒&恋人+状態＆Hイベント追加パック feat.純真』
csv_oldplus002.arc,『警戒&恋人+状態＆Hイベント feat.ツンデレ』
csv_oldplus003.arc,『警戒&恋人+状態＆Hイベント feat.クーデレ』
csv_oldplus004.arc,『夜伽＆警戒&恋人+状態＆Hイベント feat.ヤンデレ』
csv_oldplus005.arc,『夜伽＆警戒&恋人+状態＆Hイベント feat.お姉ちゃん』
parts_oldplus002hair1.arc,『夜伽＆警戒&恋人+状態＆髪型追加フルパック feat.ツンデレ』
parts_oldplus003hair1.arc,『夜伽＆警戒&恋人+状態＆髪型追加フルパック feat.クーデレ』
parts_oldplus004hair1.arc,『夜伽＆警戒&恋人+状態＆髪型追加フルパック feat.ヤンデレ』
parts_oldplus005hair1.arc,『夜伽＆警戒&恋人+状態＆髪型追加フルパック feat.お姉ちゃん』
csv_maidnohi001.arc,『メイドの日プラグイン』 
csv_kissnohi001.arc,『キスの日プラグイン』
csv_2ndanniversary.arc,『カスタムオーダーメイド3D2 2周年記念イベント』
sound_april2019.arc,『カスタムオーダーメイド3D2 EMPIRE STRIKERS』
csv_april2020.arc,『カスタムオーダーメイド3D2 A.K.パック体験版』
parts_kissevent2018.arc,『VR＆ライブイベント2018アイテムセット』
bg_denkigai2018s.arc,『電気外祭り2018夏』 『電気外祭り2018夏アイテムセット』
bg_denkigai2018spcard.arc,『電気外祭り2018夏』 『電気外祭り2018夏プレゼントカード』
csv_denkigai2018scd.arc,『電気外祭り2018夏』 『カスタムオーダーメイド3D2　俺の愛しのメイドが容赦無くNTRれてしまうボイスドラマ 同梱イベント』
csv_denkigai2018spostercm3d2com3d2.arc,『電気外祭り2018夏』 『ポスター CM3D2 & COM3D2 Wパーク』
csv_denkigai2018ssposter1.arc,『電気外祭り2018夏』 『スティックポスター 無口で甘えたがりな文学少女』
csv_denkigai2018spostermukuti.arc,『電気外祭り2018夏』 『ポスター 無口で甘えたがりな文学少女』
parts_denkigai2018syosikoshirt.arc,『電気外祭り2018夏』 『連動アイテム』 『よしこＴシャツ』
csv_denkigai2018srecord.arc,『電気外祭り2018夏』 『アナログ盤COM3DVC』
csv_denkigai2018sposterhubs2.arc,『電気外祭り2018夏』 『ポスター Chu-B Lip S2』
csv_denkigai2018sposteryandere.arc,『電気外祭り2018夏』 『ポスター 病的な程一途な大和撫子』
csv_denkigai2018w.arc,『電気外祭り2018冬』 『電気外祭り2018冬アイテムセット』
csv_denkigai2018wpcard.arc,『電気外祭り2018冬』 『電気外祭り2018冬プレゼントカード』
parts_denkigai2018wtshirt.arc,『電気外祭り2018冬』 『人気投票1位記念Tシャツ』
parts_denkigai2018wmumuta.arc,『電気外祭り2018冬』 『無無田オリジナルコスセット』
csv_denkigai2019s.arc,『電気外祭り2019夏』 『電気外祭り2019夏アイテムセット』
bg_denkigai2019spcard.arc,『電気外祭り2019夏』 『電気外祭り2019夏プレゼントカード』
csv_denkigai2019sbara.arc,『電気外祭り2019夏』 『女王様バラ鞭』
parts_denkigai2019smumuta.arc,『電気外祭り2019夏』 『無無田オリジナルコスセット2』
csv_denkigai2019ssposter1.arc,『電気外祭り2019夏』 『スティックポスター メイド秘書』
csv_denkigai2019ssposter2.arc,『電気外祭り2019夏』 『スティックポスター 妹』
csv_denkigai2019ssposter3.arc,『電気外祭り2019夏』 『スティックポスター 無愛想』
csv_denkigai2019w.arc,『電気外祭り2019冬』 『電気外祭り2019冬アイテムセット』
csv_denkigai2019wposter.arc,『電気外祭り2019冬』 『ポスター 高飛車で生意気なお嬢様』
bg_sp001.arc,『カスタムオーダーメイド3D2 シーズンパック 2018 Summer』
bg_sp002.arc,『カスタムオーダーメイド3D2 シーズンパック 2018 Autumn』
bg_sp003.arc,『カスタムオーダーメイド3D2 シーズンパック 2018 Winter』
bg_sp004.arc,『カスタムオーダーメイド3D2 シーズンパック 2019 Spring』
bg_sp005.arc,『カスタムオーダーメイド3D2 デートパック 2019 Summer』
bg_sp006.arc,『カスタムオーダーメイド3D2 デートパック 2019 Winter』
bg_cw004.arc,『カスタムオーダーメイド3D2 デートパック 2020 Spring』
bg_cw005.arc,『カスタムオーダーメイド3D2 シーズンパック 2020 Summer』
csv_cw001.arc,『カスタムオーダーメイド3D2 コスチューム+ショッピングセットVol.1』
csv_cw002.arc,『カスタムオーダーメイド3D2 コスチューム+ショッピングセットVol.2』
csv_cw003.arc,『カスタムオーダーメイド3D2 コスチューム+ショッピングセットVol.3』
parts_cas001.arc,『デートコスチュームパック 2019 Winter』
parts_cas003.arc,『コスチュームパック』
parts_cas007.arc,『衣装 Ver.小悪魔、無愛想、クーデレ対応版』
parts_cas009.arc,『カスタムオーダーメイド3D2 コスチュームセット Vol.06』
parts_cas016.arc,『クールカーディガンセット』
model_cbp.arc,『CBLメイド服』
parts_com3d2cbp.arc,『CBLメイド服V2』
parts_yomeidokanteidan_appraiser.arc,『鑑定士セット』
csv_yomeidokanteidan_bromide.arc,『叔父のブロマイド』
csv_yomeidokanteidan_bladeset.arc,『名刀セット』
parts_yomeidokanteidan2_godmaid.arc,『ゴッドメイド服』
parts_yomeidokanteidan_accset.arc,『高価なアクセサリーセット 宝石箱』
parts_yomeidokanteidan_legendmaid.arc,『伝説のメイド服セット』
parts_yomeidokanteidan_superguneset.arc,『高価なエアーガンセット（スーパー系）』
parts_yomeidokanteidan_accset_b.arc,『高価な裏アクセサリーセット』
parts_yomeidokanteidan_realguneset.arc,『高価なエアーガンセット（リアル系）』
parts_yomeidokanteidan_swordset.arc,『名剣セット』
csv_crshop001.arc,『カスタムオーダーメイド3D2 CRショップ ミニイベントセット Vol.1』
csv_crshop002.arc,『カスタムオーダーメイド3D2 CRショップ ミニイベントセット Vol.2』
csv_crshop003.arc,『カスタムオーダーメイド3D2 CRショップ ミニイベントセット Vol.3』
csv_crshop004.arc,『カスタムオーダーメイド3D2 CRショップ NPCミニイベントセット』
csv_yomeidokanteidan_nicepot.arc,『良い壺』
csv_yomeidokanteidan_nicescroll.arc,『良い掛け軸』
csv_yomeidokanteidan_portrait.arc,『叔父のブロマイド』
parts_yomeidokanteidan2_queendevilmaid.arc,『クイーンデビルメイド服』
csv_yomeidokanteidan_sticker.arc,『鑑定団ステッカー』
parts_yomeidokanteidan_tshirt.arc,『鑑定団Ｔシャツ』
csv_yomeidokanteidan_coaster.arc,『叔父コースター』
csv_yomeidokanteidan_minimat.arc,『公式メインビジュアル Tシャツ KISS』
parts_3d2hairs1.arc,[COM3D2 INM Shop] [designated plug-in] [Hair Set1]
